python : Traceback 
(most recent call 
last):
En línea: 1 Carácter: 
1
+ python manage.py 
check > error_log.txt 
2>&1
+ ~~~~~~~~~~~~~~~~~~~~
~~~~~~~~~~~~~~~~~~~~~~
~
    + CategoryInfo    
          : NotSpeci  
  fied: (Traceback    
 (most recent call    
 last)::String) [    
], RemoteExceptio    n
    + FullyQualifiedE 
   rrorId : NativeCo  
  mmandError
 
  File "C:\Users\PATRI
\Nextcloud\Pato\Aplica
ciones\ERPGrafico\back
end\manage.py", line 
11, in main
    from django.core.m
anagement import execu
te_from_command_line
ModuleNotFoundError: 
No module named 
'django'

The above exception 
was the direct cause 
of the following 
exception:

Traceback (most 
recent call last):
  File "C:\Users\PATRI
\Nextcloud\Pato\Aplica
ciones\ERPGrafico\back
end\manage.py", line 
22, in <module>
    main()
    ~~~~^^
  File "C:\Users\PATRI
\Nextcloud\Pato\Aplica
ciones\ERPGrafico\back
end\manage.py", line 
13, in main
    raise ImportError(
    ...<3 lines>...
    ) from exc
ImportError: Couldn't 
import Django. Are 
you sure it's 
installed and 
available on your 
PYTHONPATH 
environment variable? 
Did you forget to 
activate a virtual 
environment?
